c:\Users\resid\projetos-managerontec\vendaslinkstopsml\.venv\Scripts\python.exe
 : Traceback (most recent call last):
No linha:1 caractere:1
+ c:\Users\resid\projetos-managerontec\vendaslinkstopsml\.venv\Scripts\ ...
+ ~~~~~~~~~~~~~~~~~~~~~~~~~~~~~~~~~~~~~~~~~~~~~~~~~~~~~~~~~~~~~~~~~~~~~
    + CategoryInfo          : NotSpecified: (Traceback (most recent call last) 
   ::String) [], RemoteException
    + FullyQualifiedErrorId : NativeCommandError
 
  File "C:\Users\resid\projetos-managerontec\vendaslinkstopsml\test_amazon_scra
per.py", line 106, in <module>
    print("\U0001f680 Iniciando testes do scraper Amazon especializado...\n")
    ~~~~~^^^^^^^^^^^^^^^^^^^^^^^^^^^^^^^^^^^^^^^^^^^^^^^^^^^^^^^^^^^^
  File "C:\Users\resid\AppData\Local\Python\pythoncore-3.14-64\Lib\encodings\cp
1252.py", line 19, in encode
    return codecs.charmap_encode(input,self.errors,encoding_table)[0]
           ~~~~~~~~~~~~~~~~~~~~~^^^^^^^^^^^^^^^^^^^^^^^^^^^^^^^^^^
UnicodeEncodeError: 'charmap' codec can't encode character '\U0001f680' in 
position 0: character maps to <undefined>
