python : WARNING 2026-03-26 00:48:08,334 scraper 24020 4436 \u26a0\ufe0f  
requests/BeautifulSoup nÒo instalados - fallback desabilitado
No linha:1 caractere:1
+ python test_scraper_real.py > test_output.txt 2>&1; Get-Content test_ ...
+ ~~~~~~~~~~~~~~~~~~~~~~~~~~~~~~~~~~~~~~~~~~~~~~~~~~
    + CategoryInfo          : NotSpecified: (WARNING 2026-03...ck desabilitado 
   :String) [], RemoteException
    + FullyQualifiedErrorId : NativeCommandError
 
INFO 2026-03-26 00:48:08,365 task_queue 24020 1908 \U0001f477 Worker #1 
iniciado (daemon=True)
INFO 2026-03-26 00:48:08,365 task_queue 24020 5600 \U0001f477 Worker #2 
iniciado (daemon=True)
INFO 2026-03-26 00:48:08,365 task_queue 24020 20516 \U0001f477 Worker #3 
iniciado (daemon=True)
INFO 2026-03-26 00:48:08,365 task_queue 24020 4436 \U0001f4cb Iniciando 
enfileiramento de 1 tarefa(s) com 3 workers disponÝveis
INFO 2026-03-26 00:48:08,365 task_queue 24020 4436 \u2705 1 tarefa(s) 
adicionada(s) Ó fila (tamanho atual: 1). Workers processando em background...
INFO 2026-03-26 00:48:08,366 task_queue 24020 1908 \U0001f477 Worker #1 
processando: processar_produto_automatico(produto_id=96)
